// Vitest Snapshot v1, https://vitest.dev/guide/snapshot.html

exports[`createSelectOptions > creates as const objects for select options 1`] = `
"export const ChooseTitleOptions = {
	"one": "one",
	"two": "two",
	"space space": "space space",
	"$@#*(&#%": "$@#*(&#%",
} as const
export type ChooseTitleOptions = typeof ChooseTitleOptions[keyof typeof ChooseTitleOptions]
"
`;
